INSTRUMENTATION_STATUS: class=cn.traintrip.app.TimeRangePickerTest
INSTRUMENTATION_STATUS: current=1
INSTRUMENTATION_STATUS: id=AndroidJUnitRunner
INSTRUMENTATION_STATUS: numtests=5
INSTRUMENTATION_STATUS: stream=
cn.traintrip.app.TimeRangePickerTest:
INSTRUMENTATION_STATUS: test=fingerSwipeChangesTimeWithoutOpeningKeyboard
INSTRUMENTATION_STATUS_CODE: 1
INSTRUMENTATION_STATUS: class=cn.traintrip.app.TimeRangePickerTest
INSTRUMENTATION_STATUS: current=1
INSTRUMENTATION_STATUS: id=AndroidJUnitRunner
INSTRUMENTATION_STATUS: numtests=5
INSTRUMENTATION_STATUS: stream=.
INSTRUMENTATION_STATUS: test=fingerSwipeChangesTimeWithoutOpeningKeyboard
INSTRUMENTATION_STATUS_CODE: 0
INSTRUMENTATION_STATUS: class=cn.traintrip.app.TimeRangePickerTest
INSTRUMENTATION_STATUS: current=2
INSTRUMENTATION_STATUS: id=AndroidJUnitRunner
INSTRUMENTATION_STATUS: numtests=5
INSTRUMENTATION_STATUS: stream=
INSTRUMENTATION_STATUS: test=midnightAndEqualTimesHaveValidBoundaries
INSTRUMENTATION_STATUS_CODE: 1
INSTRUMENTATION_STATUS: class=cn.traintrip.app.TimeRangePickerTest
INSTRUMENTATION_STATUS: current=2
INSTRUMENTATION_STATUS: id=AndroidJUnitRunner
INSTRUMENTATION_STATUS: numtests=5
INSTRUMENTATION_STATUS: stream=.
INSTRUMENTATION_STATUS: test=midnightAndEqualTimesHaveValidBoundaries
INSTRUMENTATION_STATUS_CODE: 0
INSTRUMENTATION_STATUS: class=cn.traintrip.app.TimeRangePickerTest
INSTRUMENTATION_STATUS: current=3
INSTRUMENTATION_STATUS: id=AndroidJUnitRunner
INSTRUMENTATION_STATUS: numtests=5
INSTRUMENTATION_STATUS: stream=
INSTRUMENTATION_STATUS: test=bothWheelsApplyTogetherAndCancelKeepsPreviousValues
INSTRUMENTATION_STATUS_CODE: 1
INSTRUMENTATION_STATUS: class=cn.traintrip.app.TimeRangePickerTest
INSTRUMENTATION_STATUS: current=3
INSTRUMENTATION_STATUS: id=AndroidJUnitRunner
INSTRUMENTATION_STATUS: numtests=5
INSTRUMENTATION_STATUS: stream=.
INSTRUMENTATION_STATUS: test=bothWheelsApplyTogetherAndCancelKeepsPreviousValues
INSTRUMENTATION_STATUS_CODE: 0
INSTRUMENTATION_STATUS: class=cn.traintrip.app.TimeRangePickerTest
INSTRUMENTATION_STATUS: current=4
INSTRUMENTATION_STATUS: id=AndroidJUnitRunner
INSTRUMENTATION_STATUS: numtests=5
INSTRUMENTATION_STATUS: stream=
INSTRUMENTATION_STATUS: test=draftRestoresAndLargeFontKeepsActionsVisible
INSTRUMENTATION_STATUS_CODE: 1
INSTRUMENTATION_STATUS: class=cn.traintrip.app.TimeRangePickerTest
INSTRUMENTATION_STATUS: current=4
INSTRUMENTATION_STATUS: id=AndroidJUnitRunner
INSTRUMENTATION_STATUS: numtests=5
INSTRUMENTATION_STATUS: stream=.
INSTRUMENTATION_STATUS: test=draftRestoresAndLargeFontKeepsActionsVisible
INSTRUMENTATION_STATUS_CODE: 0
INSTRUMENTATION_STATUS: class=cn.traintrip.app.AppFlowTest
INSTRUMENTATION_STATUS: current=5
INSTRUMENTATION_STATUS: id=AndroidJUnitRunner
INSTRUMENTATION_STATUS: numtests=5
INSTRUMENTATION_STATUS: stream=
cn.traintrip.app.AppFlowTest:
INSTRUMENTATION_STATUS: test=timeAndScopeApply
INSTRUMENTATION_STATUS_CODE: 1
INSTRUMENTATION_STATUS: class=cn.traintrip.app.AppFlowTest
INSTRUMENTATION_STATUS: current=5
INSTRUMENTATION_STATUS: id=AndroidJUnitRunner
INSTRUMENTATION_STATUS: numtests=5
INSTRUMENTATION_STATUS: stream=.
INSTRUMENTATION_STATUS: test=timeAndScopeApply
INSTRUMENTATION_STATUS_CODE: 0
INSTRUMENTATION_RESULT: stream=

Time: 26.032

OK (5 tests)


INSTRUMENTATION_CODE: -1
