INSTRUMENTATION_STATUS: class=cn.traintrip.app.AppFlowTest
INSTRUMENTATION_STATUS: current=1
INSTRUMENTATION_STATUS: id=AndroidJUnitRunner
INSTRUMENTATION_STATUS: numtests=38
INSTRUMENTATION_STATUS: stream=
cn.traintrip.app.AppFlowTest:
INSTRUMENTATION_STATUS: test=timeAndScopeApply
INSTRUMENTATION_STATUS_CODE: 1
INSTRUMENTATION_STATUS: class=cn.traintrip.app.AppFlowTest
INSTRUMENTATION_STATUS: current=1
INSTRUMENTATION_STATUS: id=AndroidJUnitRunner
INSTRUMENTATION_STATUS: numtests=38
INSTRUMENTATION_STATUS: stream=.
INSTRUMENTATION_STATUS: test=timeAndScopeApply
INSTRUMENTATION_STATUS_CODE: 0
INSTRUMENTATION_STATUS: class=cn.traintrip.app.AppFlowTest
INSTRUMENTATION_STATUS: current=2
INSTRUMENTATION_STATUS: id=AndroidJUnitRunner
INSTRUMENTATION_STATUS: numtests=38
INSTRUMENTATION_STATUS: stream=
INSTRUMENTATION_STATUS: test=enlargedFontKeepsPrimaryActionReachable
INSTRUMENTATION_STATUS_CODE: 1
INSTRUMENTATION_STATUS: class=cn.traintrip.app.AppFlowTest
INSTRUMENTATION_STATUS: current=2
INSTRUMENTATION_STATUS: id=AndroidJUnitRunner
INSTRUMENTATION_STATUS: numtests=38
INSTRUMENTATION_STATUS: stream=.
INSTRUMENTATION_STATUS: test=enlargedFontKeepsPrimaryActionReachable
INSTRUMENTATION_STATUS_CODE: 0
INSTRUMENTATION_STATUS: class=cn.traintrip.app.AppFlowTest
INSTRUMENTATION_STATUS: current=3
INSTRUMENTATION_STATUS: id=AndroidJUnitRunner
INSTRUMENTATION_STATUS: numtests=38
INSTRUMENTATION_STATUS: stream=
INSTRUMENTATION_STATUS: test=filtersApplyCancelAndPersist
INSTRUMENTATION_STATUS_CODE: 1
INSTRUMENTATION_STATUS: class=cn.traintrip.app.AppFlowTest
INSTRUMENTATION_STATUS: current=3
INSTRUMENTATION_STATUS: id=AndroidJUnitRunner
INSTRUMENTATION_STATUS: numtests=38
INSTRUMENTATION_STATUS: stream=.
INSTRUMENTATION_STATUS: test=filtersApplyCancelAndPersist
INSTRUMENTATION_STATUS_CODE: 0
INSTRUMENTATION_STATUS: class=cn.traintrip.app.AvailableSeatFlowTest
INSTRUMENTATION_STATUS: current=4
INSTRUMENTATION_STATUS: id=AndroidJUnitRunner
INSTRUMENTATION_STATUS: numtests=38
INSTRUMENTATION_STATUS: stream=
cn.traintrip.app.AvailableSeatFlowTest:
INSTRUMENTATION_STATUS: test=refreshRejectsExplicitCountBelowPartySize
INSTRUMENTATION_STATUS_CODE: 1
INSTRUMENTATION_STATUS: class=cn.traintrip.app.AvailableSeatFlowTest
INSTRUMENTATION_STATUS: current=4
INSTRUMENTATION_STATUS: id=AndroidJUnitRunner
INSTRUMENTATION_STATUS: numtests=38
INSTRUMENTATION_STATUS: stream=.
INSTRUMENTATION_STATUS: test=refreshRejectsExplicitCountBelowPartySize
INSTRUMENTATION_STATUS_CODE: 0
INSTRUMENTATION_STATUS: class=cn.traintrip.app.AvailableSeatFlowTest
INSTRUMENTATION_STATUS: current=5
INSTRUMENTATION_STATUS: id=AndroidJUnitRunner
INSTRUMENTATION_STATUS: numtests=38
INSTRUMENTATION_STATUS: stream=
INSTRUMENTATION_STATUS: test=availableCountsForTwoPeopleAndRefreshesNormally
INSTRUMENTATION_STATUS_CODE: 1
INSTRUMENTATION_STATUS: class=cn.traintrip.app.AvailableSeatFlowTest
INSTRUMENTATION_STATUS: current=5
INSTRUMENTATION_STATUS: id=AndroidJUnitRunner
INSTRUMENTATION_STATUS: numtests=38
INSTRUMENTATION_STATUS: stream=.
INSTRUMENTATION_STATUS: test=availableCountsForTwoPeopleAndRefreshesNormally
INSTRUMENTATION_STATUS_CODE: 0
INSTRUMENTATION_STATUS: class=cn.traintrip.app.AvailableSeatFlowTest
INSTRUMENTATION_STATUS: current=6
INSTRUMENTATION_STATUS: id=AndroidJUnitRunner
INSTRUMENTATION_STATUS: numtests=38
INSTRUMENTATION_STATUS: stream=
INSTRUMENTATION_STATUS: test=refreshRejectsTicketsThatBecameUnavailable
INSTRUMENTATION_STATUS_CODE: 1
INSTRUMENTATION_STATUS: class=cn.traintrip.app.AvailableSeatFlowTest
INSTRUMENTATION_STATUS: current=6
INSTRUMENTATION_STATUS: id=AndroidJUnitRunner
INSTRUMENTATION_STATUS: numtests=38
INSTRUMENTATION_STATUS: stream=.
INSTRUMENTATION_STATUS: test=refreshRejectsTicketsThatBecameUnavailable
INSTRUMENTATION_STATUS_CODE: 0
INSTRUMENTATION_STATUS: class=cn.traintrip.app.DestinationGuideTest
INSTRUMENTATION_STATUS: current=7
INSTRUMENTATION_STATUS: id=AndroidJUnitRunner
INSTRUMENTATION_STATUS: numtests=38
INSTRUMENTATION_STATUS: stream=
cn.traintrip.app.DestinationGuideTest:
INSTRUMENTATION_STATUS: test=sourcesAndPhotoLicenseOpenTheCorrectUrls
INSTRUMENTATION_STATUS_CODE: 1
INSTRUMENTATION_STATUS: class=cn.traintrip.app.DestinationGuideTest
INSTRUMENTATION_STATUS: current=7
INSTRUMENTATION_STATUS: id=AndroidJUnitRunner
INSTRUMENTATION_STATUS: numtests=38
INSTRUMENTATION_STATUS: stream=.
INSTRUMENTATION_STATUS: test=sourcesAndPhotoLicenseOpenTheCorrectUrls
INSTRUMENTATION_STATUS_CODE: 0
INSTRUMENTATION_STATUS: class=cn.traintrip.app.DestinationGuideTest
INSTRUMENTATION_STATUS: current=8
INSTRUMENTATION_STATUS: id=AndroidJUnitRunner
INSTRUMENTATION_STATUS: numtests=38
INSTRUMENTATION_STATUS: stream=
INSTRUMENTATION_STATUS: test=guidePathPreservesPlanAndCanRefreshTickets
INSTRUMENTATION_STATUS_CODE: 1
INSTRUMENTATION_STATUS: class=cn.traintrip.app.DestinationGuideTest
INSTRUMENTATION_STATUS: current=8
INSTRUMENTATION_STATUS: id=AndroidJUnitRunner
INSTRUMENTATION_STATUS: numtests=38
INSTRUMENTATION_STATUS: stream=.
INSTRUMENTATION_STATUS: test=guidePathPreservesPlanAndCanRefreshTickets
INSTRUMENTATION_STATUS_CODE: 0
INSTRUMENTATION_STATUS: class=cn.traintrip.app.DestinationGuideTest
INSTRUMENTATION_STATUS: current=9
INSTRUMENTATION_STATUS: id=AndroidJUnitRunner
INSTRUMENTATION_STATUS: numtests=38
INSTRUMENTATION_STATUS: stream=
INSTRUMENTATION_STATUS: test=missingGuideStillReachesTrains
INSTRUMENTATION_STATUS_CODE: 1
INSTRUMENTATION_STATUS: class=cn.traintrip.app.DestinationGuideTest
INSTRUMENTATION_STATUS: current=9
INSTRUMENTATION_STATUS: id=AndroidJUnitRunner
INSTRUMENTATION_STATUS: numtests=38
INSTRUMENTATION_STATUS: stream=.
INSTRUMENTATION_STATUS: test=missingGuideStillReachesTrains
INSTRUMENTATION_STATUS_CODE: 0
INSTRUMENTATION_STATUS: class=cn.traintrip.app.DestinationGuideTest
INSTRUMENTATION_STATUS: current=10
INSTRUMENTATION_STATUS: id=AndroidJUnitRunner
INSTRUMENTATION_STATUS: numtests=38
INSTRUMENTATION_STATUS: stream=
INSTRUMENTATION_STATUS: test=directTrainPathAndUncoveredCityKeepOriginalBehavior
INSTRUMENTATION_STATUS_CODE: 1
INSTRUMENTATION_STATUS: class=cn.traintrip.app.DestinationGuideTest
INSTRUMENTATION_STATUS: current=10
INSTRUMENTATION_STATUS: id=AndroidJUnitRunner
INSTRUMENTATION_STATUS: numtests=38
INSTRUMENTATION_STATUS: stream=.
INSTRUMENTATION_STATUS: test=directTrainPathAndUncoveredCityKeepOriginalBehavior
INSTRUMENTATION_STATUS_CODE: 0
INSTRUMENTATION_STATUS: class=cn.traintrip.app.DestinationGuideTest
INSTRUMENTATION_STATUS: current=11
INSTRUMENTATION_STATUS: id=AndroidJUnitRunner
INSTRUMENTATION_STATUS: numtests=38
INSTRUMENTATION_STATUS: stream=
INSTRUMENTATION_STATUS: test=compactLargeFontAndRestorationKeepPlanAndActionReachable
INSTRUMENTATION_STATUS_CODE: 1
INSTRUMENTATION_STATUS: class=cn.traintrip.app.DestinationGuideTest
INSTRUMENTATION_STATUS: current=11
INSTRUMENTATION_STATUS: id=AndroidJUnitRunner
INSTRUMENTATION_STATUS: numtests=38
INSTRUMENTATION_STATUS: stream=.
INSTRUMENTATION_STATUS: test=compactLargeFontAndRestorationKeepPlanAndActionReachable
INSTRUMENTATION_STATUS_CODE: 0
INSTRUMENTATION_STATUS: class=cn.traintrip.app.DestinationUiTest
INSTRUMENTATION_STATUS: current=12
INSTRUMENTATION_STATUS: id=AndroidJUnitRunner
INSTRUMENTATION_STATUS: numtests=38
INSTRUMENTATION_STATUS: stream=
cn.traintrip.app.DestinationUiTest:
INSTRUMENTATION_STATUS: test=browsingProvinceAndScrollSurviveReopen
INSTRUMENTATION_STATUS_CODE: 1
INSTRUMENTATION_STATUS: class=cn.traintrip.app.DestinationUiTest
INSTRUMENTATION_STATUS: current=12
INSTRUMENTATION_STATUS: id=AndroidJUnitRunner
INSTRUMENTATION_STATUS: numtests=38
INSTRUMENTATION_STATUS: stream=.
INSTRUMENTATION_STATUS: test=browsingProvinceAndScrollSurviveReopen
INSTRUMENTATION_STATUS_CODE: 0
INSTRUMENTATION_STATUS: class=cn.traintrip.app.DestinationUiTest
INSTRUMENTATION_STATUS: current=13
INSTRUMENTATION_STATUS: id=AndroidJUnitRunner
INSTRUMENTATION_STATUS: numtests=38
INSTRUMENTATION_STATUS: stream=
INSTRUMENTATION_STATUS: test=oldPreferencesMigrateWithoutResettingOtherConditions
INSTRUMENTATION_STATUS_CODE: 1
INSTRUMENTATION_STATUS: class=cn.traintrip.app.DestinationUiTest
INSTRUMENTATION_STATUS: current=13
INSTRUMENTATION_STATUS: id=AndroidJUnitRunner
INSTRUMENTATION_STATUS: numtests=38
INSTRUMENTATION_STATUS: stream=.
INSTRUMENTATION_STATUS: test=oldPreferencesMigrateWithoutResettingOtherConditions
INSTRUMENTATION_STATUS_CODE: 0
INSTRUMENTATION_STATUS: class=cn.traintrip.app.DestinationUiTest
INSTRUMENTATION_STATUS: current=14
INSTRUMENTATION_STATUS: id=AndroidJUnitRunner
INSTRUMENTATION_STATUS: numtests=38
INSTRUMENTATION_STATUS: stream=
INSTRUMENTATION_STATUS: test=largeFontResultControlsAndBottomCollapseAreReachable
INSTRUMENTATION_STATUS_CODE: 1
INSTRUMENTATION_STATUS: class=cn.traintrip.app.DestinationUiTest
INSTRUMENTATION_STATUS: current=14
INSTRUMENTATION_STATUS: id=AndroidJUnitRunner
INSTRUMENTATION_STATUS: numtests=38
INSTRUMENTATION_STATUS: stream=.
INSTRUMENTATION_STATUS: test=largeFontResultControlsAndBottomCollapseAreReachable
INSTRUMENTATION_STATUS_CODE: 0
INSTRUMENTATION_STATUS: class=cn.traintrip.app.DestinationUiTest
INSTRUMENTATION_STATUS: current=15
INSTRUMENTATION_STATUS: id=AndroidJUnitRunner
INSTRUMENTATION_STATUS: numtests=38
INSTRUMENTATION_STATUS: stream=
INSTRUMENTATION_STATUS: test=selectedListRemovesProvinceAndMunicipalityHasSingleChoice
INSTRUMENTATION_STATUS_CODE: 1
INSTRUMENTATION_STATUS: class=cn.traintrip.app.DestinationUiTest
INSTRUMENTATION_STATUS: current=15
INSTRUMENTATION_STATUS: id=AndroidJUnitRunner
INSTRUMENTATION_STATUS: numtests=38
INSTRUMENTATION_STATUS: stream=.
INSTRUMENTATION_STATUS: test=selectedListRemovesProvinceAndMunicipalityHasSingleChoice
INSTRUMENTATION_STATUS_CODE: 0
INSTRUMENTATION_STATUS: class=cn.traintrip.app.DestinationUiTest
INSTRUMENTATION_STATUS: current=16
INSTRUMENTATION_STATUS: id=AndroidJUnitRunner
INSTRUMENTATION_STATUS: numtests=38
INSTRUMENTATION_STATUS: stream=
INSTRUMENTATION_STATUS: test=resultGroupsToggleIndependentlyAndSurviveRestoreRefreshSortAndDetail
INSTRUMENTATION_STATUS_CODE: 1
INSTRUMENTATION_STATUS: class=cn.traintrip.app.DestinationUiTest
INSTRUMENTATION_STATUS: current=16
INSTRUMENTATION_STATUS: id=AndroidJUnitRunner
INSTRUMENTATION_STATUS: numtests=38
INSTRUMENTATION_STATUS: stream=.
INSTRUMENTATION_STATUS: test=resultGroupsToggleIndependentlyAndSurviveRestoreRefreshSortAndDetail
INSTRUMENTATION_STATUS_CODE: 0
INSTRUMENTATION_STATUS: class=cn.traintrip.app.DestinationUiTest
INSTRUMENTATION_STATUS: current=17
INSTRUMENTATION_STATUS: id=AndroidJUnitRunner
INSTRUMENTATION_STATUS: numtests=38
INSTRUMENTATION_STATUS: stream=
INSTRUMENTATION_STATUS: test=largeFontUsesDropdownAndUnavailableCitiesRemainVisible
INSTRUMENTATION_STATUS_CODE: 1
INSTRUMENTATION_STATUS: class=cn.traintrip.app.DestinationUiTest
INSTRUMENTATION_STATUS: current=17
INSTRUMENTATION_STATUS: id=AndroidJUnitRunner
INSTRUMENTATION_STATUS: numtests=38
INSTRUMENTATION_STATUS: stream=.
INSTRUMENTATION_STATUS: test=largeFontUsesDropdownAndUnavailableCitiesRemainVisible
INSTRUMENTATION_STATUS_CODE: 0
INSTRUMENTATION_STATUS: class=cn.traintrip.app.DestinationUiTest
INSTRUMENTATION_STATUS: current=18
INSTRUMENTATION_STATUS: id=AndroidJUnitRunner
INSTRUMENTATION_STATUS: numtests=38
INSTRUMENTATION_STATUS: stream=
INSTRUMENTATION_STATUS: test=provinceSearchSelectAllAndDraftCancel
INSTRUMENTATION_STATUS_CODE: 1
INSTRUMENTATION_STATUS: class=cn.traintrip.app.DestinationUiTest
INSTRUMENTATION_STATUS: current=18
INSTRUMENTATION_STATUS: id=AndroidJUnitRunner
INSTRUMENTATION_STATUS: numtests=38
INSTRUMENTATION_STATUS: stream=.
INSTRUMENTATION_STATUS: test=provinceSearchSelectAllAndDraftCancel
INSTRUMENTATION_STATUS_CODE: 0
INSTRUMENTATION_STATUS: class=cn.traintrip.app.DetailFlowTest
INSTRUMENTATION_STATUS: current=19
INSTRUMENTATION_STATUS: id=AndroidJUnitRunner
INSTRUMENTATION_STATUS: numtests=38
INSTRUMENTATION_STATUS: stream=
cn.traintrip.app.DetailFlowTest:
INSTRUMENTATION_STATUS: test=compactLargeFontKeepsSummaryCopyAndLastCardReachable
INSTRUMENTATION_STATUS_CODE: 1
INSTRUMENTATION_STATUS: class=cn.traintrip.app.DetailFlowTest
INSTRUMENTATION_STATUS: current=19
INSTRUMENTATION_STATUS: id=AndroidJUnitRunner
INSTRUMENTATION_STATUS: numtests=38
INSTRUMENTATION_STATUS: stream=.
INSTRUMENTATION_STATUS: test=compactLargeFontKeepsSummaryCopyAndLastCardReachable
INSTRUMENTATION_STATUS_CODE: 0
INSTRUMENTATION_STATUS: class=cn.traintrip.app.DetailFlowTest
INSTRUMENTATION_STATUS: current=20
INSTRUMENTATION_STATUS: id=AndroidJUnitRunner
INSTRUMENTATION_STATUS: numtests=38
INSTRUMENTATION_STATUS: stream=
INSTRUMENTATION_STATUS: test=partialRefreshRetainsOldTimestampAndRetriesOnlyFailure
INSTRUMENTATION_STATUS_CODE: 1
INSTRUMENTATION_STATUS: class=cn.traintrip.app.DetailFlowTest
INSTRUMENTATION_STATUS: current=20
INSTRUMENTATION_STATUS: id=AndroidJUnitRunner
INSTRUMENTATION_STATUS: numtests=38
INSTRUMENTATION_STATUS: stream=.
INSTRUMENTATION_STATUS: test=partialRefreshRetainsOldTimestampAndRetriesOnlyFailure
INSTRUMENTATION_STATUS_CODE: 0
INSTRUMENTATION_STATUS: class=cn.traintrip.app.DetailFlowTest
INSTRUMENTATION_STATUS: current=21
INSTRUMENTATION_STATUS: id=AndroidJUnitRunner
INSTRUMENTATION_STATUS: numtests=38
INSTRUMENTATION_STATUS: stream=
INSTRUMENTATION_STATUS: test=duplicateRefreshIsPreventedAndCancellationPreservesData
INSTRUMENTATION_STATUS_CODE: 1
INSTRUMENTATION_STATUS: class=cn.traintrip.app.DetailFlowTest
INSTRUMENTATION_STATUS: current=21
INSTRUMENTATION_STATUS: id=AndroidJUnitRunner
INSTRUMENTATION_STATUS: numtests=38
INSTRUMENTATION_STATUS: stream=.
INSTRUMENTATION_STATUS: test=duplicateRefreshIsPreventedAndCancellationPreservesData
INSTRUMENTATION_STATUS_CODE: 0
INSTRUMENTATION_STATUS: class=cn.traintrip.app.DetailFlowTest
INSTRUMENTATION_STATUS: current=22
INSTRUMENTATION_STATUS: id=AndroidJUnitRunner
INSTRUMENTATION_STATUS: numtests=38
INSTRUMENTATION_STATUS: stream=
INSTRUMENTATION_STATUS: test=successfulRefreshClearsDisappearedSelection
INSTRUMENTATION_STATUS_CODE: 1
INSTRUMENTATION_STATUS: class=cn.traintrip.app.DetailFlowTest
INSTRUMENTATION_STATUS: current=22
INSTRUMENTATION_STATUS: id=AndroidJUnitRunner
INSTRUMENTATION_STATUS: numtests=38
INSTRUMENTATION_STATUS: stream=.
INSTRUMENTATION_STATUS: test=successfulRefreshClearsDisappearedSelection
INSTRUMENTATION_STATUS_CODE: 0
INSTRUMENTATION_STATUS: class=cn.traintrip.app.DetailFlowTest
INSTRUMENTATION_STATUS: current=23
INSTRUMENTATION_STATUS: id=AndroidJUnitRunner
INSTRUMENTATION_STATUS: numtests=38
INSTRUMENTATION_STATUS: stream=
INSTRUMENTATION_STATUS: test=appTapNeverQueriesOrCopiesAndFailureRetainsSelection
INSTRUMENTATION_STATUS_CODE: 1
INSTRUMENTATION_STATUS: class=cn.traintrip.app.DetailFlowTest
INSTRUMENTATION_STATUS: current=23
INSTRUMENTATION_STATUS: id=AndroidJUnitRunner
INSTRUMENTATION_STATUS: numtests=38
INSTRUMENTATION_STATUS: stream=.
INSTRUMENTATION_STATUS: test=appTapNeverQueriesOrCopiesAndFailureRetainsSelection
INSTRUMENTATION_STATUS_CODE: 0
INSTRUMENTATION_STATUS: class=cn.traintrip.app.DetailFlowTest
INSTRUMENTATION_STATUS: current=24
INSTRUMENTATION_STATUS: id=AndroidJUnitRunner
INSTRUMENTATION_STATUS: numtests=38
INSTRUMENTATION_STATUS: stream=
INSTRUMENTATION_STATUS: test=filtersClearHiddenSelectionWhileSortAndRestorationKeepIt
INSTRUMENTATION_STATUS_CODE: 1
INSTRUMENTATION_STATUS: class=cn.traintrip.app.DetailFlowTest
INSTRUMENTATION_STATUS: current=24
INSTRUMENTATION_STATUS: id=AndroidJUnitRunner
INSTRUMENTATION_STATUS: numtests=38
INSTRUMENTATION_STATUS: stream=.
INSTRUMENTATION_STATUS: test=filtersClearHiddenSelectionWhileSortAndRestorationKeepIt
INSTRUMENTATION_STATUS_CODE: 0
INSTRUMENTATION_STATUS: class=cn.traintrip.app.NotYetSaleFlowTest
INSTRUMENTATION_STATUS: current=25
INSTRUMENTATION_STATUS: id=AndroidJUnitRunner
INSTRUMENTATION_STATUS: numtests=38
INSTRUMENTATION_STATUS: stream=
cn.traintrip.app.NotYetSaleFlowTest:
INSTRUMENTATION_STATUS: test=unopenedStarDoesNotHideOpenTrainOrBecomeAnAvailableTrain
INSTRUMENTATION_STATUS_CODE: 1
INSTRUMENTATION_STATUS: class=cn.traintrip.app.NotYetSaleFlowTest
INSTRUMENTATION_STATUS: current=25
INSTRUMENTATION_STATUS: id=AndroidJUnitRunner
INSTRUMENTATION_STATUS: numtests=38
INSTRUMENTATION_STATUS: stream=.
INSTRUMENTATION_STATUS: test=unopenedStarDoesNotHideOpenTrainOrBecomeAnAvailableTrain
INSTRUMENTATION_STATUS_CODE: 0
INSTRUMENTATION_STATUS: class=cn.traintrip.app.RailwayAppLauncherTest
INSTRUMENTATION_STATUS: current=26
INSTRUMENTATION_STATUS: id=AndroidJUnitRunner
INSTRUMENTATION_STATUS: numtests=38
INSTRUMENTATION_STATUS: stream=
cn.traintrip.app.RailwayAppLauncherTest:
INSTRUMENTATION_STATUS: test=activityAndSecurityFailuresAreReportedWithoutFallback
INSTRUMENTATION_STATUS_CODE: 1
INSTRUMENTATION_STATUS: class=cn.traintrip.app.RailwayAppLauncherTest
INSTRUMENTATION_STATUS: current=26
INSTRUMENTATION_STATUS: id=AndroidJUnitRunner
INSTRUMENTATION_STATUS: numtests=38
INSTRUMENTATION_STATUS: stream=.
INSTRUMENTATION_STATUS: test=activityAndSecurityFailuresAreReportedWithoutFallback
INSTRUMENTATION_STATUS_CODE: 0
INSTRUMENTATION_STATUS: class=cn.traintrip.app.RailwayAppLauncherTest
INSTRUMENTATION_STATUS: current=27
INSTRUMENTATION_STATUS: id=AndroidJUnitRunner
INSTRUMENTATION_STATUS: numtests=38
INSTRUMENTATION_STATUS: stream=
INSTRUMENTATION_STATUS: test=installedAppUsesResolvedLauncherWithoutBrowserFallback
INSTRUMENTATION_STATUS_CODE: 1
INSTRUMENTATION_STATUS: class=cn.traintrip.app.RailwayAppLauncherTest
INSTRUMENTATION_STATUS: current=27
INSTRUMENTATION_STATUS: id=AndroidJUnitRunner
INSTRUMENTATION_STATUS: numtests=38
INSTRUMENTATION_STATUS: stream=.
INSTRUMENTATION_STATUS: test=installedAppUsesResolvedLauncherWithoutBrowserFallback
INSTRUMENTATION_STATUS_CODE: 0
INSTRUMENTATION_STATUS: class=cn.traintrip.app.RailwayAppLauncherTest
INSTRUMENTATION_STATUS: current=28
INSTRUMENTATION_STATUS: id=AndroidJUnitRunner
INSTRUMENTATION_STATUS: numtests=38
INSTRUMENTATION_STATUS: stream=
INSTRUMENTATION_STATUS: test=missingPackageDoesNotLaunchAnything
INSTRUMENTATION_STATUS_CODE: 1
INSTRUMENTATION_STATUS: class=cn.traintrip.app.RailwayAppLauncherTest
INSTRUMENTATION_STATUS: current=28
INSTRUMENTATION_STATUS: id=AndroidJUnitRunner
INSTRUMENTATION_STATUS: numtests=38
INSTRUMENTATION_STATUS: stream=.
INSTRUMENTATION_STATUS: test=missingPackageDoesNotLaunchAnything
INSTRUMENTATION_STATUS_CODE: 0
INSTRUMENTATION_STATUS: class=cn.traintrip.app.SearchFailureTest
INSTRUMENTATION_STATUS: current=29
INSTRUMENTATION_STATUS: id=AndroidJUnitRunner
INSTRUMENTATION_STATUS: numtests=38
INSTRUMENTATION_STATUS: stream=
cn.traintrip.app.SearchFailureTest:
INSTRUMENTATION_STATUS: test=failureDoesNotBlockOtherCitiesAndRetryOnlyQueriesFailedItem
INSTRUMENTATION_STATUS_CODE: 1
INSTRUMENTATION_STATUS: class=cn.traintrip.app.SearchFailureTest
INSTRUMENTATION_STATUS: current=29
INSTRUMENTATION_STATUS: id=AndroidJUnitRunner
INSTRUMENTATION_STATUS: numtests=38
INSTRUMENTATION_STATUS: stream=.
INSTRUMENTATION_STATUS: test=failureDoesNotBlockOtherCitiesAndRetryOnlyQueriesFailedItem
INSTRUMENTATION_STATUS_CODE: 0
INSTRUMENTATION_STATUS: class=cn.traintrip.app.TimeRangePickerTest
INSTRUMENTATION_STATUS: current=30
INSTRUMENTATION_STATUS: id=AndroidJUnitRunner
INSTRUMENTATION_STATUS: numtests=38
INSTRUMENTATION_STATUS: stream=
cn.traintrip.app.TimeRangePickerTest:
INSTRUMENTATION_STATUS: test=fingerSwipeChangesTimeWithoutOpeningKeyboard
INSTRUMENTATION_STATUS_CODE: 1
INSTRUMENTATION_STATUS: class=cn.traintrip.app.TimeRangePickerTest
INSTRUMENTATION_STATUS: current=30
INSTRUMENTATION_STATUS: id=AndroidJUnitRunner
INSTRUMENTATION_STATUS: numtests=38
INSTRUMENTATION_STATUS: stream=.
INSTRUMENTATION_STATUS: test=fingerSwipeChangesTimeWithoutOpeningKeyboard
INSTRUMENTATION_STATUS_CODE: 0
INSTRUMENTATION_STATUS: class=cn.traintrip.app.TimeRangePickerTest
INSTRUMENTATION_STATUS: current=31
INSTRUMENTATION_STATUS: id=AndroidJUnitRunner
INSTRUMENTATION_STATUS: numtests=38
INSTRUMENTATION_STATUS: stream=
INSTRUMENTATION_STATUS: test=midnightAndEqualTimesHaveValidBoundaries
INSTRUMENTATION_STATUS_CODE: 1
INSTRUMENTATION_STATUS: class=cn.traintrip.app.TimeRangePickerTest
INSTRUMENTATION_STATUS: current=31
INSTRUMENTATION_STATUS: id=AndroidJUnitRunner
INSTRUMENTATION_STATUS: numtests=38
INSTRUMENTATION_STATUS: stream=.
INSTRUMENTATION_STATUS: test=midnightAndEqualTimesHaveValidBoundaries
INSTRUMENTATION_STATUS_CODE: 0
INSTRUMENTATION_STATUS: class=cn.traintrip.app.TimeRangePickerTest
INSTRUMENTATION_STATUS: current=32
INSTRUMENTATION_STATUS: id=AndroidJUnitRunner
INSTRUMENTATION_STATUS: numtests=38
INSTRUMENTATION_STATUS: stream=
INSTRUMENTATION_STATUS: test=bothWheelsApplyTogetherAndCancelKeepsPreviousValues
INSTRUMENTATION_STATUS_CODE: 1
INSTRUMENTATION_STATUS: class=cn.traintrip.app.TimeRangePickerTest
INSTRUMENTATION_STATUS: current=32
INSTRUMENTATION_STATUS: id=AndroidJUnitRunner
INSTRUMENTATION_STATUS: numtests=38
INSTRUMENTATION_STATUS: stream=.
INSTRUMENTATION_STATUS: test=bothWheelsApplyTogetherAndCancelKeepsPreviousValues
INSTRUMENTATION_STATUS_CODE: 0
INSTRUMENTATION_STATUS: class=cn.traintrip.app.TimeRangePickerTest
INSTRUMENTATION_STATUS: current=33
INSTRUMENTATION_STATUS: id=AndroidJUnitRunner
INSTRUMENTATION_STATUS: numtests=38
INSTRUMENTATION_STATUS: stream=
INSTRUMENTATION_STATUS: test=draftRestoresAndLargeFontKeepsActionsVisible
INSTRUMENTATION_STATUS_CODE: 1
INSTRUMENTATION_STATUS: class=cn.traintrip.app.TimeRangePickerTest
INSTRUMENTATION_STATUS: current=33
INSTRUMENTATION_STATUS: id=AndroidJUnitRunner
INSTRUMENTATION_STATUS: numtests=38
INSTRUMENTATION_STATUS: stream=.
INSTRUMENTATION_STATUS: test=draftRestoresAndLargeFontKeepsActionsVisible
INSTRUMENTATION_STATUS_CODE: 0
INSTRUMENTATION_STATUS: class=cn.traintrip.app.UiPolishTest
INSTRUMENTATION_STATUS: current=34
INSTRUMENTATION_STATUS: id=AndroidJUnitRunner
INSTRUMENTATION_STATUS: numtests=38
INSTRUMENTATION_STATUS: stream=
cn.traintrip.app.UiPolishTest:
INSTRUMENTATION_STATUS: test=rangeCalendarCrossesMonth
INSTRUMENTATION_STATUS_CODE: 1
INSTRUMENTATION_STATUS: class=cn.traintrip.app.UiPolishTest
INSTRUMENTATION_STATUS: current=34
INSTRUMENTATION_STATUS: id=AndroidJUnitRunner
INSTRUMENTATION_STATUS: numtests=38
INSTRUMENTATION_STATUS: stream=.
INSTRUMENTATION_STATUS: test=rangeCalendarCrossesMonth
INSTRUMENTATION_STATUS_CODE: 0
INSTRUMENTATION_STATUS: class=cn.traintrip.app.UiPolishTest
INSTRUMENTATION_STATUS: current=35
INSTRUMENTATION_STATUS: id=AndroidJUnitRunner
INSTRUMENTATION_STATUS: numtests=38
INSTRUMENTATION_STATUS: stream=
INSTRUMENTATION_STATUS: test=journeyTimingFitsNormalAndLargeFont
INSTRUMENTATION_STATUS_CODE: 1
INSTRUMENTATION_STATUS: class=cn.traintrip.app.UiPolishTest
INSTRUMENTATION_STATUS: current=35
INSTRUMENTATION_STATUS: id=AndroidJUnitRunner
INSTRUMENTATION_STATUS: numtests=38
INSTRUMENTATION_STATUS: stream=.
INSTRUMENTATION_STATUS: test=journeyTimingFitsNormalAndLargeFont
INSTRUMENTATION_STATUS_CODE: 0
INSTRUMENTATION_STATUS: class=cn.traintrip.app.UiPolishTest
INSTRUMENTATION_STATUS: current=36
INSTRUMENTATION_STATUS: id=AndroidJUnitRunner
INSTRUMENTATION_STATUS: numtests=38
INSTRUMENTATION_STATUS: stream=
INSTRUMENTATION_STATUS: test=continuousProgressHasNoGapOrEndpointDot
INSTRUMENTATION_STATUS_CODE: 1
INSTRUMENTATION_STATUS: class=cn.traintrip.app.UiPolishTest
INSTRUMENTATION_STATUS: current=36
INSTRUMENTATION_STATUS: id=AndroidJUnitRunner
INSTRUMENTATION_STATUS: numtests=38
INSTRUMENTATION_STATUS: stream=.
INSTRUMENTATION_STATUS: test=continuousProgressHasNoGapOrEndpointDot
INSTRUMENTATION_STATUS_CODE: 0
INSTRUMENTATION_STATUS: class=cn.traintrip.app.UiPolishTest
INSTRUMENTATION_STATUS: current=37
INSTRUMENTATION_STATUS: id=AndroidJUnitRunner
INSTRUMENTATION_STATUS: numtests=38
INSTRUMENTATION_STATUS: stream=
INSTRUMENTATION_STATUS: test=dateDraftSurvivesRestoreAndLongRangesStayInvalid
INSTRUMENTATION_STATUS_CODE: 1
INSTRUMENTATION_STATUS: class=cn.traintrip.app.UiPolishTest
INSTRUMENTATION_STATUS: current=37
INSTRUMENTATION_STATUS: id=AndroidJUnitRunner
INSTRUMENTATION_STATUS: numtests=38
INSTRUMENTATION_STATUS: stream=.
INSTRUMENTATION_STATUS: test=dateDraftSurvivesRestoreAndLongRangesStayInvalid
INSTRUMENTATION_STATUS_CODE: 0
INSTRUMENTATION_STATUS: class=cn.traintrip.app.UiPolishTest
INSTRUMENTATION_STATUS: current=38
INSTRUMENTATION_STATUS: id=AndroidJUnitRunner
INSTRUMENTATION_STATUS: numtests=38
INSTRUMENTATION_STATUS: stream=
INSTRUMENTATION_STATUS: test=rangeCalendarSelectsBothDatesAndCancelsDraft
INSTRUMENTATION_STATUS_CODE: 1
INSTRUMENTATION_STATUS: class=cn.traintrip.app.UiPolishTest
INSTRUMENTATION_STATUS: current=38
INSTRUMENTATION_STATUS: id=AndroidJUnitRunner
INSTRUMENTATION_STATUS: numtests=38
INSTRUMENTATION_STATUS: stream=.
INSTRUMENTATION_STATUS: test=rangeCalendarSelectsBothDatesAndCancelsDraft
INSTRUMENTATION_STATUS_CODE: 0
INSTRUMENTATION_RESULT: stream=

Time: 195.295

OK (38 tests)


INSTRUMENTATION_CODE: -1
