INSTRUMENTATION_STATUS: class=cn.traintrip.app.NotYetSaleFlowTest
INSTRUMENTATION_STATUS: current=1
INSTRUMENTATION_STATUS: id=AndroidJUnitRunner
INSTRUMENTATION_STATUS: numtests=2
INSTRUMENTATION_STATUS: stream=
cn.traintrip.app.NotYetSaleFlowTest:
INSTRUMENTATION_STATUS: test=unopenedStarDoesNotHideOpenTrainOrBecomeAnAvailableTrain
INSTRUMENTATION_STATUS_CODE: 1
INSTRUMENTATION_STATUS: class=cn.traintrip.app.NotYetSaleFlowTest
INSTRUMENTATION_STATUS: current=1
INSTRUMENTATION_STATUS: id=AndroidJUnitRunner
INSTRUMENTATION_STATUS: numtests=2
INSTRUMENTATION_STATUS: stream=.
INSTRUMENTATION_STATUS: test=unopenedStarDoesNotHideOpenTrainOrBecomeAnAvailableTrain
INSTRUMENTATION_STATUS_CODE: 0
INSTRUMENTATION_STATUS: class=cn.traintrip.app.SearchFailureTest
INSTRUMENTATION_STATUS: current=2
INSTRUMENTATION_STATUS: id=AndroidJUnitRunner
INSTRUMENTATION_STATUS: numtests=2
INSTRUMENTATION_STATUS: stream=
cn.traintrip.app.SearchFailureTest:
INSTRUMENTATION_STATUS: test=failureDoesNotBlockOtherCitiesAndRetryOnlyQueriesFailedItem
INSTRUMENTATION_STATUS_CODE: 1
INSTRUMENTATION_STATUS: class=cn.traintrip.app.SearchFailureTest
INSTRUMENTATION_STATUS: current=2
INSTRUMENTATION_STATUS: id=AndroidJUnitRunner
INSTRUMENTATION_STATUS: numtests=2
INSTRUMENTATION_STATUS: stream=.
INSTRUMENTATION_STATUS: test=failureDoesNotBlockOtherCitiesAndRetryOnlyQueriesFailedItem
INSTRUMENTATION_STATUS_CODE: 0
INSTRUMENTATION_RESULT: stream=

Time: 10.865

OK (2 tests)


INSTRUMENTATION_CODE: -1
